Microchip MPLAB XC8 Compiler V2.46

Linker command line:

-W-3 \
  --edf=C:\Program Files\Microchip\xc8\v2.46\pic\dat\20240104201356_en.msgs \
  -pivt0x8=08h -cn -h+dist/default/production\Serial-UART.X.production.sym \
  --cmf=dist/default/production\Serial-UART.X.production.cmf -z -Q18F47K42 \
  -oC:\Users\Josh\AppData\Local\Temp\xcAs3eao.\driver_tmp_3.o \
  --defsym=__MPLAB_BUILD=1 --fixupoverflow=error \
  -Mdist/default/production/Serial-UART.X.production.map \
  --md=C:\Users\Josh\AppData\Local\Temp\xcAs3eao.\driver_tmp_0.dat -E1 \
  -ver=XC8 Compiler --acfsm=1493 -ACODE=00h-01FFFFh -ACONST=00h-01FFFFh \
  -ASMALLCONST=02000h-020FFhx480 \
  -AMEDIUMCONST=02000h-0FFFFh,012000h-01FFFFh -ACOMRAM=01h-05Fh \
  -AABS1=00h-01FFFh -ABIGRAM=01h-01FFFh -ARAM=060h-0FFh,0100h-01FFhx31 \
  -ABANK0=060h-0FFh -ABANK1=0100h-01FFh -ABANK2=0200h-02FFh \
  -ABANK3=0300h-03FFh -ABANK4=0400h-04FFh -ABANK5=0500h-05FFh \
  -ABANK6=0600h-06FFh -ABANK7=0700h-07FFh -ABANK8=0800h-08FFh \
  -ABANK9=0900h-09FFh -ABANK10=0A00h-0AFFh -ABANK11=0B00h-0BFFh \
  -ABANK12=0C00h-0CFFh -ABANK13=0D00h-0DFFh -ABANK14=0E00h-0EFFh \
  -ABANK15=0F00h-0FFFh -ABANK16=01000h-010FFh -ABANK17=01100h-011FFh \
  -ABANK18=01200h-012FFh -ABANK19=01300h-013FFh -ABANK20=01400h-014FFh \
  -ABANK21=01500h-015FFh -ABANK22=01600h-016FFh -ABANK23=01700h-017FFh \
  -ABANK24=01800h-018FFh -ABANK25=01900h-019FFh -ABANK26=01A00h-01AFFh \
  -ABANK27=01B00h-01BFFh -ABANK28=01C00h-01CFFh -ABANK29=01D00h-01DFFh \
  -ABANK30=01E00h-01EFFh -ABANK31=01F00h-01FFFh \
  -ASFR=03800h-038FFhx7,03F00h-03F5Fh,03F60h-03FFFh -ABIGSFR=03800h-03FFFh \
  -ACONFIG=0300000h-0300009h -AIDLOC=0200000h-020000Fh \
  -AEEDATA=0310000h-03103FFh -peeprom_data=EEDATA -preset_vec=00h \
  -ppowerup=CODE,init -pramtop=02000h -psmallconst=SMALLCONST \
  -pmediumconst=MEDIUMCONST -pconst=CONST -AFARRAM=00h-00h \
  -prdata=COMRAM,nvrram=COMRAM,nvbit=COMRAM,rbss=COMRAM,rbit=COMRAM \
  -pfarbss=FARRAM,fardata=FARRAM,nvFARRAM=FARRAM \
  -pintsave_regs=BIGRAM,bigbss=BIGRAM,bigdata=BIGRAM -pbss=RAM \
  -pidata=CODE,irdata=CODE,ibigdata=CODE,ifardata=CODE -prparam=COMRAM \
  C:\Users\Josh\AppData\Local\Temp\xcAs3eao.\driver_tmp_14.o \
  dist/default/production\Serial-UART.X.production.o 

Object code version is 3.11

Machine type is 18F47K42



                Name                               Link     Load   Length Selector   Space Scale
C:\Users\Josh\AppData\Local\Temp\xcAs3eao.\driver_tmp_14.o
                config                           300000   300000        A        0       4
                init                                 1A       1A        4        4       0
                reset_vec                             0        0        4        0       0
dist/default/production\Serial-UART.X.production.o
                config                           300000   300000        A        0       4
                smallconst                         2000     2000       62     1000       0
                ivt0x8                                8        8       12        4       0
                text31                             2C08     2C08        2     1031       0
                text30                             2C06     2C06        2     1031       0
                text29                             223E     223E       E4     1031       0
                text28                             2A86     2A86       34     1031       0
                text27                             26E6     26E6       90     1031       0
                text26                             2B9C     2B9C       18     1031       0
                text25                             2BF8     2BF8        E     1031       0
                text24                             2BEA     2BEA        E     1031       0
                text23                             2BDC     2BDC        E     1031       0
                text22                             29D4     29D4       46     1031       0
                text21                             24BE     24BE       C4     1031       0
                text20                             2B28     2B28       22     1031       0
                text19                             2B06     2B06       22     1031       0
                text18                             2AE4     2AE4       22     1031       0
                text17                             2582     2582       B4     1031       0
                text16                             2BCA     2BCA       12     1031       0
                text15                             23FA     23FA       C4     1031       0
                text14                             2636     2636       B0     1031       0
                text13                             2A52     2A52       34     1031       0
                text12                             2BB4     2BB4       16     1031       0
                text11                             2940     2940       4C     1031       0
                text10                             2B4A     2B4A       1E     1031       0
                text9                              2322     2322       D8     1031       0
                text8                              2062     2062      1DC     1031       0
                text7                              298C     298C       48     1031       0
                text6                              2B82     2B82       1A     1031       0
                text5                              28D6     28D6       6A     1031       0
                text4                              286A     286A       6C     1031       0
                text3                              2776     2776       84     1031       0
                text2                              2B68     2B68       1A     1031       0
                text1                              2A1A     2A1A       38     1031       0
                text0                              27FA     27FA       70     1031       0
                cstackCOMRAM                          1        1       35        1       1
                cstackBANK0                          A9       A9        2       60       1
                bssBANK0                             60       60       43       60       1
                bssCOMRAM                            36       36       26        1       1
                cinit                              2ABA     2ABA       2A     1031       0
                nvBANK0                              A3       A3        6       60       1

TOTAL           Name                               Link     Load   Length     Space
        CLASS   CODE           
                init                                 1A       1A        4         0
                reset_vec                             0        0        4         0
                ivt0x8                                8        8       12         0
                text31                             2C08     2C08        2         0
                text30                             2C06     2C06        2         0
                text29                             223E     223E       E4         0
                text28                             2A86     2A86       34         0
                text27                             26E6     26E6       90         0
                text26                             2B9C     2B9C       18         0
                text25                             2BF8     2BF8        E         0
                text24                             2BEA     2BEA        E         0
                text23                             2BDC     2BDC        E         0
                text22                             29D4     29D4       46         0
                text21                             24BE     24BE       C4         0
                text20                             2B28     2B28       22         0
                text19                             2B06     2B06       22         0
                text18                             2AE4     2AE4       22         0
                text17                             2582     2582       B4         0
                text16                             2BCA     2BCA       12         0
                text15                             23FA     23FA       C4         0
                text14                             2636     2636       B0         0
                text13                             2A52     2A52       34         0
                text12                             2BB4     2BB4       16         0
                text11                             2940     2940       4C         0
                text10                             2B4A     2B4A       1E         0
                text9                              2322     2322       D8         0
                text8                              2062     2062      1DC         0
                text7                              298C     298C       48         0
                text6                              2B82     2B82       1A         0
                text5                              28D6     28D6       6A         0
                text4                              286A     286A       6C         0
                text3                              2776     2776       84         0
                text2                              2B68     2B68       1A         0
                text1                              2A1A     2A1A       38         0
                text0                              27FA     27FA       70         0
                cinit                              2ABA     2ABA       2A         0

        CLASS   CONST          

        CLASS   SMALLCONST     
                smallconst                         2000     2000       62         0

        CLASS   MEDIUMCONST    

        CLASS   COMRAM         
                cstackCOMRAM                          1        1       35         1
                bssCOMRAM                            36       36       26         1

        CLASS   ABS1           

        CLASS   BIGRAM         

        CLASS   RAM            

        CLASS   BANK0          
                cstackBANK0                          A9       A9        2         1
                bssBANK0                             60       60       43         1
                nvBANK0                              A3       A3        6         1

        CLASS   BANK1          

        CLASS   BANK2          

        CLASS   BANK3          

        CLASS   BANK4          

        CLASS   BANK5          

        CLASS   BANK6          

        CLASS   BANK7          

        CLASS   BANK8          

        CLASS   BANK9          

        CLASS   BANK10         

        CLASS   BANK11         

        CLASS   BANK12         

        CLASS   BANK13         

        CLASS   BANK14         

        CLASS   BANK15         

        CLASS   BANK16         

        CLASS   BANK17         

        CLASS   BANK18         

        CLASS   BANK19         

        CLASS   BANK20         

        CLASS   BANK21         

        CLASS   BANK22         

        CLASS   BANK23         

        CLASS   BANK24         

        CLASS   BANK25         

        CLASS   BANK26         

        CLASS   BANK27         

        CLASS   BANK28         

        CLASS   BANK29         

        CLASS   BANK30         

        CLASS   BANK31         

        CLASS   SFR            

        CLASS   BIGSFR         

        CLASS   CONFIG         
                config                           300000   300000        A         4

        CLASS   IDLOC          

        CLASS   EEDATA         

        CLASS   FARRAM         

        CLASS   HEAP           

        CLASS   STACK          



SEGMENTS        Name                           Load    Length   Top    Selector   Space  Class

                reset_vec                      000000  000004  000004         0       0  CODE    
                cstackCOMRAM                   000001  00005B  00005C         1       1  COMRAM  
                ivt0x8                         000008  000016  00001E         4       0  CODE    
                bssBANK0                       000060  00004B  0000AB        60       1  BANK0   
                smallconst                     002000  000062  002062      1000       0  SMALLCON
                text8                          002062  000BA8  002C0A      1031       0  CODE    


UNUSED ADDRESS RANGES

        Name                Unused          Largest block    Delta
        BANK0            0000AB-0000FF               55
        BANK1            000100-0001FF              100
        BANK10           000A00-000AFF              100
        BANK11           000B00-000BFF              100
        BANK12           000C00-000CFF              100
        BANK13           000D00-000DFF              100
        BANK14           000E00-000EFF              100
        BANK15           000F00-000FFF              100
        BANK16           001000-0010FF              100
        BANK17           001100-0011FF              100
        BANK18           001200-0012FF              100
        BANK19           001300-0013FF              100
        BANK2            000200-0002FF              100
        BANK20           001400-0014FF              100
        BANK21           001500-0015FF              100
        BANK22           001600-0016FF              100
        BANK23           001700-0017FF              100
        BANK24           001800-0018FF              100
        BANK25           001900-0019FF              100
        BANK26           001A00-001AFF              100
        BANK27           001B00-001BFF              100
        BANK28           001C00-001CFF              100
        BANK29           001D00-001DFF              100
        BANK3            000300-0003FF              100
        BANK30           001E00-001EFF              100
        BANK31           001F00-001FFF              100
        BANK4            000400-0004FF              100
        BANK5            000500-0005FF              100
        BANK6            000600-0006FF              100
        BANK7            000700-0007FF              100
        BANK8            000800-0008FF              100
        BANK9            000900-0009FF              100
        BIGRAM           00005C-00005F                4
                         0000AB-001FFF             1F55
        BIGSFR           003800-003FFF              800
        CODE             000004-000007                4
                         00001E-001FFF             1FE2
                         002C0A-01FFFF            1D3F6
        COMRAM           00005C-00005F                4
        CONST            000004-000007                4
                         00001E-001FFF             1FE2
                         002C0A-01FFFF            1D3F6
        EEDATA           310000-3103FF              400
        IDLOC            200000-20000F               10
        MEDIUMCONST      002C0A-00FFFF             D3F6
                         012000-01FFFF             E000
        RAM              0000AB-001FFF              100
        SFR              003800-003FFF              100
        SMALLCONST       002C0A-01FFFF              100

                                  Symbol Table

?___awdiv                                          cstackCOMRAM 000005
?___awmod                                          cstackCOMRAM 000017
?___lmul                                           cstackCOMRAM 000005
?_abs                                              cstackCOMRAM 00001D
?_printf                                           cstackCOMRAM 000032
?_rand                                             cstackCOMRAM 000011
?_random_number                                    cstackCOMRAM 00001D
?_time                                             cstackCOMRAM 000005
?_vfprintf                                         cstackCOMRAM 00002D
INT0_SetInterruptHandler@InterruptHandler          cstackCOMRAM 000005
INT1_SetInterruptHandler@InterruptHandler          cstackCOMRAM 000005
INT2_SetInterruptHandler@InterruptHandler          cstackCOMRAM 000005
IVTBASEH                                           (abs)        003FD6
IVTBASEL                                           (abs)        003FD5
IVTBASEU                                           (abs)        003FD7
UART2_FramingErrorCallbackRegister@callbackHandler cstackCOMRAM 000005
UART2_OverrunErrorCallbackRegister@callbackHandler cstackCOMRAM 000005
UART2_ParityErrorCallbackRegister@callbackHandler  cstackCOMRAM 000005
UART2_ReceiveISR@regValue                          cstackCOMRAM 000001
UART2_ReceiveISR@tempRxHead                        cstackCOMRAM 000002
UART2_TransmitISR@tempTxTail                       cstackCOMRAM 000001
UART2_Write@tempTxHead                             cstackCOMRAM 000005
UART2_Write@txData                                 cstackCOMRAM 000006
_ANSELA                                            (abs)        003A40
_ANSELB                                            (abs)        003A50
_ANSELC                                            (abs)        003A60
_ANSELD                                            (abs)        003A70
_ANSELE                                            (abs)        003A80
_CLOCK_Initialize                                  text26       002B9C
_INLVLA                                            (abs)        003A44
_INLVLB                                            (abs)        003A54
_INLVLC                                            (abs)        003A64
_INLVLD                                            (abs)        003A74
_INLVLE                                            (abs)        003A84
_INT0_DefaultInterruptHandler                      (abs)        000000
_INT0_InterruptHandler                             bssCOMRAM    000048
_INT0_SetInterruptHandler                          text25       002BF8
_INT1_DefaultInterruptHandler                      (abs)        000000
_INT1_InterruptHandler                             bssCOMRAM    000045
_INT1_SetInterruptHandler                          text24       002BEA
_INT2_DefaultInterruptHandler                      (abs)        000000
_INT2_InterruptHandler                             bssCOMRAM    000042
_INT2_SetInterruptHandler                          text23       002BDC
_INTCON0bits                                       (abs)        003FD2
_INTERRUPT_Initialize                              text22       0029D4
_INTERRUPT_InterruptManager                        text27       0026E6
_IOCAF                                             (abs)        003A47
_IOCAN                                             (abs)        003A46
_IOCAP                                             (abs)        003A45
_IOCBF                                             (abs)        003A57
_IOCBN                                             (abs)        003A56
_IOCBP                                             (abs)        003A55
_IOCCF                                             (abs)        003A67
_IOCCN                                             (abs)        003A66
_IOCCP                                             (abs)        003A65
_IOCEF                                             (abs)        003A87
_IOCEN                                             (abs)        003A86
_IOCEP                                             (abs)        003A85
_LATA                                              (abs)        003FBA
_LATB                                              (abs)        003FBB
_LATC                                              (abs)        003FBC
_LATD                                              (abs)        003FBD
_LATE                                              (abs)        003FBE
_ODCONA                                            (abs)        003A42
_ODCONB                                            (abs)        003A52
_ODCONC                                            (abs)        003A62
_ODCOND                                            (abs)        003A72
_ODCONE                                            (abs)        003A82
_OSCCON1                                           (abs)        0039D9
_OSCCON3                                           (abs)        0039DB
_OSCEN                                             (abs)        0039DD
_OSCFRQ                                            (abs)        0039DF
_OSCTUNE                                           (abs)        0039DE
_PIE6bits                                          (abs)        003996
_PIN_MANAGER_Initialize                            text21       0024BE
_PIR1bits                                          (abs)        0039A1
_PIR5bits                                          (abs)        0039A5
_PIR6bits                                          (abs)        0039A6
_PIR7bits                                          (abs)        0039A7
_RB1I2C                                            (abs)        003A5A
_RB2I2C                                            (abs)        003A5B
_RC3I2C                                            (abs)        003A6A
_RC4I2C                                            (abs)        003A6B
_RD0I2C                                            (abs)        003A7A
_RD0PPS                                            (abs)        003A18
_RD1I2C                                            (abs)        003A7B
_SLRCONA                                           (abs)        003A43
_SLRCONB                                           (abs)        003A53
_SLRCONC                                           (abs)        003A63
_SLRCOND                                           (abs)        003A73
_SLRCONE                                           (abs)        003A83
_SYSTEM_Initialize                                 text16       002BCA
_TRISA                                             (abs)        003FC2
_TRISB                                             (abs)        003FC3
_TRISC                                             (abs)        003FC4
_TRISD                                             (abs)        003FC5
_TRISE                                             (abs)        003FC6
_U2BRGH                                            (abs)        003DDE
_U2BRGL                                            (abs)        003DDD
_U2CON0                                            (abs)        003DDA
_U2CON0bits                                        (abs)        003DDA
_U2CON1                                            (abs)        003DDB
_U2CON1bits                                        (abs)        003DDB
_U2CON2                                            (abs)        003DDC
_U2ERRIE                                           (abs)        003DE2
_U2ERRIR                                           (abs)        003DE1
_U2ERRIRbits                                       (abs)        003DE1
_U2FIFO                                            (abs)        003DDF
_U2P1L                                             (abs)        003DD4
_U2P2L                                             (abs)        003DD6
_U2P3L                                             (abs)        003DD8
_U2RXB                                             (abs)        003DD0
_U2RXPPS                                           (abs)        003AE8
_U2TXB                                             (abs)        003DD2
_U2UIR                                             (abs)        003DE0
_U2UIRbits                                         (abs)        003DE0
_UART2                                             smallconst   002001
_UART2_AutoBaudQuery                               (abs)        000000
_UART2_AutoBaudSet                                 (abs)        000000
_UART2_DefaultFramingErrorCallback                 text31       002C08
_UART2_DefaultOverrunErrorCallback                 text30       002C06
_UART2_DefaultParityErrorCallback                  (abs)        000000
_UART2_Deinitialize                                (abs)        000000
_UART2_ErrorGet                                    (abs)        000000
_UART2_FramingErrorCallbackRegister                text20       002B28
_UART2_FramingErrorHandler                         bssCOMRAM    00003F
_UART2_Initialize                                  text17       002582
_UART2_IsRxReady                                   (abs)        000000
_UART2_IsTxDone                                    (abs)        000000
_UART2_IsTxReady                                   text12       002BB4
_UART2_OverrunErrorCallbackRegister                text19       002B06
_UART2_OverrunErrorHandler                         bssCOMRAM    00003C
_UART2_ParityErrorCallbackRegister                 text18       002AE4
_UART2_ParityErrorHandler                          bssBANK0     0000A0
_UART2_Read                                        (abs)        000000
_UART2_ReceiveISR                                  text29       00223E
_UART2_RxCompleteCallbackRegister                  (abs)        000000
_UART2_RxCompleteInterruptHandler                  bssCOMRAM    000036
_UART2_RxInterruptHandler                          nvBANK0      0000A3
_UART2_TransmitDisable                             (abs)        000000
_UART2_TransmitEnable                              (abs)        000000
_UART2_TransmitISR                                 text28       002A86
_UART2_TxCompleteCallbackRegister                  (abs)        000000
_UART2_TxCompleteInterruptHandler                  bssCOMRAM    000039
_UART2_TxInterruptHandler                          nvBANK0      0000A6
_UART2_Write                                       text11       002940
_WPUA                                              (abs)        003A41
_WPUB                                              (abs)        003A51
_WPUC                                              (abs)        003A61
_WPUD                                              (abs)        003A71
_WPUE                                              (abs)        003A81
__HRAM                                             (abs)        000000
__H__absolute__                                    __absolute__ 000000
__Habs1                                            abs1         000000
__Hbank0                                           bank0        000000
__Hbank1                                           bank1        000000
__Hbank10                                          bank10       000000
__Hbank11                                          bank11       000000
__Hbank12                                          bank12       000000
__Hbank13                                          bank13       000000
__Hbank14                                          bank14       000000
__Hbank15                                          bank15       000000
__Hbank16                                          bank16       000000
__Hbank17                                          bank17       000000
__Hbank18                                          bank18       000000
__Hbank19                                          bank19       000000
__Hbank2                                           bank2        000000
__Hbank20                                          bank20       000000
__Hbank21                                          bank21       000000
__Hbank22                                          bank22       000000
__Hbank23                                          bank23       000000
__Hbank24                                          bank24       000000
__Hbank25                                          bank25       000000
__Hbank26                                          bank26       000000
__Hbank27                                          bank27       000000
__Hbank28                                          bank28       000000
__Hbank29                                          bank29       000000
__Hbank3                                           bank3        000000
__Hbank30                                          bank30       000000
__Hbank31                                          bank31       000000
__Hbank4                                           bank4        000000
__Hbank5                                           bank5        000000
__Hbank6                                           bank6        000000
__Hbank7                                           bank7        000000
__Hbank8                                           bank8        000000
__Hbank9                                           bank9        000000
__Hbigbss                                          bigbss       000000
__Hbigdata                                         bigdata      000000
__Hbigram                                          bigram       000000
__Hbigsfr                                          bigsfr       000000
__Hbss                                             bss          000000
__HbssBANK0                                        bssBANK0     000000
__HbssCOMRAM                                       bssCOMRAM    000000
__Hcinit                                           cinit        000000
__Hclrtext                                         clrtext      000000
__Hcomram                                          comram       000000
__Hconfig                                          config       30000A
__Hconst                                           const        000000
__HcstackBANK0                                     cstackBANK0  000000
__HcstackCOMRAM                                    cstackCOMRAM 000000
__Hdata                                            data         000000
__Heeprom_data                                     eeprom_data  000000
__Hfarbss                                          farbss       000000
__Hfardata                                         fardata      000000
__Hheap                                            heap         000000
__Hibigdata                                        ibigdata     000000
__Hidata                                           idata        000000
__Hidloc                                           idloc        000000
__Hifardata                                        ifardata     000000
__Hinit                                            init         00001E
__Hintsave_regs                                    intsave_regs 000000
__Hirdata                                          irdata       000000
__Hivt0x8                                          ivt0x8       00001A
__Hmediumconst                                     mediumconst  000000
__HnvBANK0                                         nvBANK0      000000
__HnvFARRAM                                        nvFARRAM     000000
__Hnvbit                                           nvbit        000000
__Hnvrram                                          nvrram       000000
__Hparam                                           rparam       000000
__Hpowerup                                         powerup      000000
__Hram                                             ram          000000
__Hramtop                                          ramtop       002000
__Hrbit                                            rbit         000000
__Hrbss                                            rbss         000000
__Hrdata                                           rdata        000000
__Hreset_vec                                       reset_vec    000004
__Hrparam                                          rparam       000000
__Hsfr                                             sfr          000000
__Hsmallconst                                      smallconst   002062
__Hspace_0                                         (abs)        002C0A
__Hspace_1                                         (abs)        0000AB
__Hspace_2                                         (abs)        000000
__Hspace_4                                         (abs)        60000A
__Hstack                                           stack        000000
__Hstruct                                          struct       000000
__Htemp                                            temp         000000
__Htext                                            text         000000
__Htext0                                           text0        000000
__Htext1                                           text1        000000
__Htext10                                          text10       000000
__Htext11                                          text11       000000
__Htext12                                          text12       000000
__Htext13                                          text13       000000
__Htext14                                          text14       000000
__Htext15                                          text15       000000
__Htext16                                          text16       000000
__Htext17                                          text17       000000
__Htext18                                          text18       000000
__Htext19                                          text19       000000
__Htext2                                           text2        000000
__Htext20                                          text20       000000
__Htext21                                          text21       000000
__Htext22                                          text22       000000
__Htext23                                          text23       000000
__Htext24                                          text24       000000
__Htext25                                          text25       000000
__Htext26                                          text26       000000
__Htext27                                          text27       000000
__Htext28                                          text28       000000
__Htext29                                          text29       000000
__Htext3                                           text3        000000
__Htext30                                          text30       000000
__Htext31                                          text31       000000
__Htext4                                           text4        000000
__Htext5                                           text5        000000
__Htext6                                           text6        000000
__Htext7                                           text7        000000
__Htext8                                           text8        000000
__Htext9                                           text9        000000
__LRAM                                             (abs)        000001
__L__absolute__                                    __absolute__ 000000
__Labs1                                            abs1         000000
__Lbank0                                           bank0        000000
__Lbank1                                           bank1        000000
__Lbank10                                          bank10       000000
__Lbank11                                          bank11       000000
__Lbank12                                          bank12       000000
__Lbank13                                          bank13       000000
__Lbank14                                          bank14       000000
__Lbank15                                          bank15       000000
__Lbank16                                          bank16       000000
__Lbank17                                          bank17       000000
__Lbank18                                          bank18       000000
__Lbank19                                          bank19       000000
__Lbank2                                           bank2        000000
__Lbank20                                          bank20       000000
__Lbank21                                          bank21       000000
__Lbank22                                          bank22       000000
__Lbank23                                          bank23       000000
__Lbank24                                          bank24       000000
__Lbank25                                          bank25       000000
__Lbank26                                          bank26       000000
__Lbank27                                          bank27       000000
__Lbank28                                          bank28       000000
__Lbank29                                          bank29       000000
__Lbank3                                           bank3        000000
__Lbank30                                          bank30       000000
__Lbank31                                          bank31       000000
__Lbank4                                           bank4        000000
__Lbank5                                           bank5        000000
__Lbank6                                           bank6        000000
__Lbank7                                           bank7        000000
__Lbank8                                           bank8        000000
__Lbank9                                           bank9        000000
__Lbigbss                                          bigbss       000000
__Lbigdata                                         bigdata      000000
__Lbigram                                          bigram       000000
__Lbigsfr                                          bigsfr       000000
__Lbss                                             bss          000000
__LbssBANK0                                        bssBANK0     000000
__LbssCOMRAM                                       bssCOMRAM    000000
__Lcinit                                           cinit        000000
__Lclrtext                                         clrtext      000000
__Lcomram                                          comram       000000
__Lconfig                                          config       000000
__Lconst                                           const        000000
__LcstackBANK0                                     cstackBANK0  000000
__LcstackCOMRAM                                    cstackCOMRAM 000000
__Ldata                                            data         000000
__Leeprom_data                                     eeprom_data  000000
__Lfarbss                                          farbss       000000
__Lfardata                                         fardata      000000
__Lheap                                            heap         000000
__Libigdata                                        ibigdata     000000
__Lidata                                           idata        000000
__Lidloc                                           idloc        000000
__Lifardata                                        ifardata     000000
__Linit                                            init         00001A
__Lintsave_regs                                    intsave_regs 000000
__Lirdata                                          irdata       000000
__Livt0x8                                          ivt0x8       000008
__Lmediumconst                                     mediumconst  000000
__LnvBANK0                                         nvBANK0      000000
__LnvFARRAM                                        nvFARRAM     000000
__Lnvbit                                           nvbit        000000
__Lnvrram                                          nvrram       000000
__Lparam                                           rparam       000000
__Lpowerup                                         powerup      000000
__Lram                                             ram          000000
__Lramtop                                          ramtop       002000
__Lrbit                                            rbit         000000
__Lrbss                                            rbss         000000
__Lrdata                                           rdata        000000
__Lreset_vec                                       reset_vec    000000
__Lrparam                                          rparam       000000
__Lsfr                                             sfr          000000
__Lsmallconst                                      smallconst   002000
__Lspace_0                                         (abs)        000000
__Lspace_1                                         (abs)        000000
__Lspace_2                                         (abs)        000000
__Lspace_4                                         (abs)        000000
__Lstack                                           stack        000000
__Lstruct                                          struct       000000
__Ltemp                                            temp         000000
__Ltext                                            text         000000
__Ltext0                                           text0        000000
__Ltext1                                           text1        000000
__Ltext10                                          text10       000000
__Ltext11                                          text11       000000
__Ltext12                                          text12       000000
__Ltext13                                          text13       000000
__Ltext14                                          text14       000000
__Ltext15                                          text15       000000
__Ltext16                                          text16       000000
__Ltext17                                          text17       000000
__Ltext18                                          text18       000000
__Ltext19                                          text19       000000
__Ltext2                                           text2        000000
__Ltext20                                          text20       000000
__Ltext21                                          text21       000000
__Ltext22                                          text22       000000
__Ltext23                                          text23       000000
__Ltext24                                          text24       000000
__Ltext25                                          text25       000000
__Ltext26                                          text26       000000
__Ltext27                                          text27       000000
__Ltext28                                          text28       000000
__Ltext29                                          text29       000000
__Ltext3                                           text3        000000
__Ltext30                                          text30       000000
__Ltext31                                          text31       000000
__Ltext4                                           text4        000000
__Ltext5                                           text5        000000
__Ltext6                                           text6        000000
__Ltext7                                           text7        000000
__Ltext8                                           text8        000000
__Ltext9                                           text9        000000
__S0                                               (abs)        002C0A
__S1                                               (abs)        0000AB
__S4                                               (abs)        000000
__S5                                               (abs)        000000
___awdiv                                           text15       0023FA
___awdiv@counter                                   cstackCOMRAM 000009
___awdiv@dividend                                  cstackCOMRAM 000005
___awdiv@divisor                                   cstackCOMRAM 000007
___awdiv@quotient                                  cstackCOMRAM 00000B
___awdiv@sign                                      cstackCOMRAM 00000A
___awmod                                           text14       002636
___awmod@counter                                   cstackCOMRAM 00001B
___awmod@dividend                                  cstackCOMRAM 000017
___awmod@divisor                                   cstackCOMRAM 000019
___awmod@sign                                      cstackCOMRAM 00001C
___heap_hi                                         (abs)        000000
___heap_lo                                         (abs)        000000
___inthi_sp                                        stack        000000
___inthi_stack_hi                                  stack        000000
___inthi_stack_lo                                  stack        000000
___intlo_sp                                        stack        000000
___intlo_stack_hi                                  stack        000000
___intlo_stack_lo                                  stack        000000
___lmul                                            text5        0028D6
___lmul@multiplicand                               cstackCOMRAM 000009
___lmul@multiplier                                 cstackCOMRAM 000005
___lmul@product                                    cstackCOMRAM 00000D
___param_bank                                      (abs)        000000
___rparam_used                                     (abs)        000001
___sp                                              stack        000000
___stack_hi                                        stack        000000
___stack_lo                                        stack        000000
__accesstop                                        (abs)        000060
__activetblptr                                     (abs)        000003
__end_of_CLOCK_Initialize                          text26       002BB4
__end_of_INT0_SetInterruptHandler                  text25       002C06
__end_of_INT1_SetInterruptHandler                  text24       002BF8
__end_of_INT2_SetInterruptHandler                  text23       002BEA
__end_of_INTERRUPT_Initialize                      text22       002A1A
__end_of_INTERRUPT_InterruptManager                text27       002776
__end_of_PIN_MANAGER_Initialize                    text21       002582
__end_of_SYSTEM_Initialize                         text16       002BDC
__end_of_UART2                                     smallconst   002049
__end_of_UART2_DefaultFramingErrorCallback         text31       002C0A
__end_of_UART2_DefaultOverrunErrorCallback         text30       002C08
__end_of_UART2_FramingErrorCallbackRegister        text20       002B4A
__end_of_UART2_Initialize                          text17       002636
__end_of_UART2_IsTxReady                           text12       002BCA
__end_of_UART2_OverrunErrorCallbackRegister        text19       002B28
__end_of_UART2_ParityErrorCallbackRegister         text18       002B06
__end_of_UART2_ReceiveISR                          text29       002322
__end_of_UART2_TransmitISR                         text28       002ABA
__end_of_UART2_Write                               text11       00298C
__end_of___awdiv                                   text15       0024BE
__end_of___awmod                                   text14       0026E6
__end_of___lmul                                    text5        002940
__end_of__initialization                           cinit        002ADE
__end_of_abs                                       text13       002A86
__end_of_fputc                                     text9        0023FA
__end_of_main                                      text0        00286A
__end_of_printf                                    text6        002B9C
__end_of_putch                                     text10       002B68
__end_of_rand                                      text4        0028D6
__end_of_random_number                             text3        0027FA
__end_of_srand                                     text2        002B82
__end_of_time                                      text1        002A52
__end_of_vfpfcnvrt                                 text8        00223E
__end_of_vfprintf                                  text7        0029D4
__initialization                                   cinit        002ABA
__mediumconst                                      mediumconst  000000
__pbssBANK0                                        bssBANK0     000060
__pbssCOMRAM                                       bssCOMRAM    000036
__pcinit                                           cinit        002ABA
__pcstackBANK0                                     cstackBANK0  0000A9
__pcstackCOMRAM                                    cstackCOMRAM 000001
__pivt0x8                                          ivt0x8       000008
__pnvBANK0                                         nvBANK0      0000A3
__psmallconst                                      smallconst   002000
__ptext0                                           text0        0027FA
__ptext1                                           text1        002A1A
__ptext10                                          text10       002B4A
__ptext11                                          text11       002940
__ptext12                                          text12       002BB4
__ptext13                                          text13       002A52
__ptext14                                          text14       002636
__ptext15                                          text15       0023FA
__ptext16                                          text16       002BCA
__ptext17                                          text17       002582
__ptext18                                          text18       002AE4
__ptext19                                          text19       002B06
__ptext2                                           text2        002B68
__ptext20                                          text20       002B28
__ptext21                                          text21       0024BE
__ptext22                                          text22       0029D4
__ptext23                                          text23       002BDC
__ptext24                                          text24       002BEA
__ptext25                                          text25       002BF8
__ptext26                                          text26       002B9C
__ptext27                                          text27       0026E6
__ptext28                                          text28       002A86
__ptext29                                          text29       00223E
__ptext3                                           text3        002776
__ptext30                                          text30       002C06
__ptext31                                          text31       002C08
__ptext4                                           text4        00286A
__ptext5                                           text5        0028D6
__ptext6                                           text6        002B82
__ptext7                                           text7        00298C
__ptext8                                           text8        002062
__ptext9                                           text9        002322
__ramtop                                           ramtop       002000
__smallconst                                       smallconst   002000
_abs                                               text13       002A52
_dbuf                                              bssBANK0     000060
_flags                                             bssCOMRAM    000051
_fputc                                             text9        002322
_main                                              text0        0027FA
_prec                                              bssCOMRAM    00004D
_printf                                            text6        002B82
_putch                                             text10       002B4A
_rand                                              text4        00286A
_random_number                                     text3        002776
_seed                                              bssCOMRAM    000058
_srand                                             text2        002B68
_time                                              text1        002A1A
_uart2RxBuffer                                     bssBANK0     000090
_uart2RxCount                                      bssCOMRAM    000052
_uart2RxHead                                       bssCOMRAM    000054
_uart2RxLastError                                  bssCOMRAM    00004F
_uart2RxStatusBuffer                               bssBANK0     000080
_uart2RxTail                                       bssCOMRAM    000053
_uart2TxBuffer                                     bssBANK0     000098
_uart2TxBufferRemaining                            bssCOMRAM    000055
_uart2TxHead                                       bssCOMRAM    000057
_uart2TxTail                                       bssCOMRAM    000056
_vfpfcnvrt                                         text8        002062
_vfprintf                                          text7        00298C
_width                                             bssCOMRAM    00004B
abs@a                                              cstackCOMRAM 00001D
end_of_initialization                              cinit        002ADE
fputc@c                                            cstackCOMRAM 000008
fputc@fp                                           cstackCOMRAM 00000A
intlevel0                                          text         000000
intlevel1                                          text         000000
intlevel2                                          text         000000
intlevel3                                          text         000000
isa$std                                            (abs)        000001
isa$xinst                                          (abs)        000000
ivt0x8_base                                        ivt0x8       000008
printf@ap                                          cstackCOMRAM 000035
printf@fmt                                         cstackCOMRAM 000032
putch@txData                                       cstackCOMRAM 000007
random_number@hi_num                               cstackCOMRAM 000022
random_number@low_num                              cstackCOMRAM 000024
random_number@max_num                              cstackCOMRAM 00001F
random_number@min_num                              cstackCOMRAM 00001D
srand@s                                            cstackCOMRAM 000009
stackhi                                            (abs)        000000
stacklo                                            (abs)        000000
start                                              init         00001A
start_initialization                               cinit        002ABA
time@t                                             cstackCOMRAM 000005
vfpfcnvrt@ap                                       cstackCOMRAM 000024
vfpfcnvrt@c                                        cstackCOMRAM 00002C
vfpfcnvrt@convarg                                  cstackCOMRAM 000028
vfpfcnvrt@cp                                       cstackCOMRAM 000027
vfpfcnvrt@done                                     cstackCOMRAM 000026
vfpfcnvrt@fmt                                      cstackCOMRAM 000023
vfpfcnvrt@fp                                       cstackCOMRAM 000021
vfprintf@ap                                        cstackCOMRAM 000030
vfprintf@cfmt                                      cstackCOMRAM 000031
vfprintf@fmt                                       cstackCOMRAM 00002F
vfprintf@fp                                        cstackCOMRAM 00002D


MODULE INFORMATION

Module		Function		Class		Link	Load	Size
C:\Program Files\Microchip\xc8\v2.46\pic\sources\c99\common\printf.c
		_printf        		CODE           	2B82	0000	26

C:\Program Files\Microchip\xc8\v2.46\pic\sources\c99\common\printf.c estimated size: 26

C:\Program Files\Microchip\xc8\v2.46\pic\sources\c99\common\nf_fputc.c
		_fputc         		CODE           	2322	0000	216

C:\Program Files\Microchip\xc8\v2.46\pic\sources\c99\common\nf_fputc.c estimated size: 216

C:\Program Files\Microchip\xc8\v2.46\pic\sources\c99\common\rand.c
		_srand         		CODE           	2B68	0000	26
		_rand          		CODE           	286A	0000	108

C:\Program Files\Microchip\xc8\v2.46\pic\sources\c99\common\rand.c estimated size: 134

C:\Program Files\Microchip\xc8\v2.46\pic\sources\c99\common\awdiv.c
		___awdiv       		CODE           	23FA	0000	196

C:\Program Files\Microchip\xc8\v2.46\pic\sources\c99\common\awdiv.c estimated size: 196

mcc_generated_files/system/src/interrupt.c
		_INT0_SetInterruptHandler		CODE           	2BF8	0000	14
		_INT1_SetInterruptHandler		CODE           	2BEA	0000	14
		_INT2_SetInterruptHandler		CODE           	2BDC	0000	14
		_INTERRUPT_Initialize		CODE           	29D4	0000	70
		_INTERRUPT_InterruptManager		CODE           	26E6	0000	144

mcc_generated_files/system/src/interrupt.c estimated size: 256

C:\Program Files\Microchip\xc8\v2.46\pic\sources\c99\common\doprnt.c
		_vfpfcnvrt     		CODE           	2062	0000	476
		_vfprintf      		CODE           	298C	0000	72

C:\Program Files\Microchip\xc8\v2.46\pic\sources\c99\common\doprnt.c estimated size: 548

mcc_generated_files/system/src/pins.c
		_PIN_MANAGER_Initialize		CODE           	24BE	0000	196

mcc_generated_files/system/src/pins.c estimated size: 196

shared
		__initialization		CODE           	2ABA	0000	36
		_UART2         		SMALLCONST     	2001	0000	72

shared estimated size: 108

C:\Program Files\Microchip\xc8\v2.46\pic\sources\c99\common\time.c
		_time          		CODE           	2A1A	0000	56

C:\Program Files\Microchip\xc8\v2.46\pic\sources\c99\common\time.c estimated size: 56

mcc_generated_files/system/src/clock.c
		_CLOCK_Initialize		CODE           	2B9C	0000	24

mcc_generated_files/system/src/clock.c estimated size: 24

C:\Program Files\Microchip\xc8\v2.46\pic\sources\c99\common\abs.c
		_abs           		CODE           	2A52	0000	52

C:\Program Files\Microchip\xc8\v2.46\pic\sources\c99\common\abs.c estimated size: 52

C:\Program Files\Microchip\xc8\v2.46\pic\sources\c99\common\awmod.c
		___awmod       		CODE           	2636	0000	176

C:\Program Files\Microchip\xc8\v2.46\pic\sources\c99\common\awmod.c estimated size: 176

main.c
		_main          		CODE           	27FA	0000	112
		_random_number 		CODE           	2776	0000	132

main.c estimated size: 244

C:\Program Files\Microchip\xc8\v2.46\pic\sources\c99\common\Umul32.c
		___lmul        		CODE           	28D6	0000	106

C:\Program Files\Microchip\xc8\v2.46\pic\sources\c99\common\Umul32.c estimated size: 106

mcc_generated_files/uart/src/uart2.c
		_UART2_TransmitISR		CODE           	2A86	0000	52
		_UART2_ParityErrorCallbackRegister		CODE           	2AE4	0000	34
		_putch         		CODE           	2B4A	0000	30
		_UART2_DefaultOverrunErrorCallback		CODE           	2C06	0000	2
		_UART2_IsTxReady		CODE           	2BB4	0000	22
		_UART2_Write   		CODE           	2940	0000	76
		_UART2_FramingErrorCallbackRegister		CODE           	2B28	0000	34
		_UART2_OverrunErrorCallbackRegister		CODE           	2B06	0000	34
		_UART2_ReceiveISR		CODE           	223E	0000	228
		_UART2_Initialize		CODE           	2582	0000	180
		_UART2_DefaultFramingErrorCallback		CODE           	2C08	0000	2

mcc_generated_files/uart/src/uart2.c estimated size: 694

mcc_generated_files/system/src/system.c
		_SYSTEM_Initialize		CODE           	2BCA	0000	18

mcc_generated_files/system/src/system.c estimated size: 18

