Microchip MPLAB XC8 Compiler V2.46

Linker command line:

-W-3 \
  --edf=C:\Program Files\Microchip\xc8\v2.46\pic\dat\20240104201356_en.msgs \
  -cn -h+dist/default/debug\ADC_LCD.X.debug.sym \
  --cmf=dist/default/debug\ADC_LCD.X.debug.cmf -z -Q18F47K42 \
  -oC:\Users\Josh\AppData\Local\Temp\xcAs4fjg.\driver_tmp_3.o \
  --defsym=__MPLAB_BUILD=1 --fixupoverflow=error \
  -Mdist/default/debug/ADC_LCD.X.debug.map \
  --md=C:\Users\Josh\AppData\Local\Temp\xcAs4fjg.\driver_tmp_0.dat -E1 \
  -ver=XC8 Compiler --acfsm=1493 -ACODE=00h-01FFFFh -ACONST=00h-01FFFFh \
  -ASMALLCONST=02000h-020FFhx480 \
  -AMEDIUMCONST=02000h-0FFFFh,012000h-01FFFFh -ACOMRAM=01h-05Fh \
  -AABS1=00h-01FFFh -ABIGRAM=01h-01FFFh -ARAM=060h-0FFh,0100h-01FFhx31 \
  -ABANK0=060h-0FFh -ABANK1=0100h-01FFh -ABANK2=0200h-02FFh \
  -ABANK3=0300h-03FFh -ABANK4=0400h-04FFh -ABANK5=0500h-05FFh \
  -ABANK6=0600h-06FFh -ABANK7=0700h-07FFh -ABANK8=0800h-08FFh \
  -ABANK9=0900h-09FFh -ABANK10=0A00h-0AFFh -ABANK11=0B00h-0BFFh \
  -ABANK12=0C00h-0CFFh -ABANK13=0D00h-0DFFh -ABANK14=0E00h-0EFFh \
  -ABANK15=0F00h-0FFFh -ABANK16=01000h-010FFh -ABANK17=01100h-011FFh \
  -ABANK18=01200h-012FFh -ABANK19=01300h-013FFh -ABANK20=01400h-014FFh \
  -ABANK21=01500h-015FFh -ABANK22=01600h-016FFh -ABANK23=01700h-017FFh \
  -ABANK24=01800h-018FFh -ABANK25=01900h-019FFh -ABANK26=01A00h-01AFFh \
  -ABANK27=01B00h-01BFFh -ABANK28=01C00h-01CFFh -ABANK29=01D00h-01DFFh \
  -ABANK30=01E00h-01EFFh -ABANK31=01F00h-01FFFh \
  -ASFR=03800h-038FFhx7,03F00h-03F5Fh,03F60h-03FFFh -ABIGSFR=03800h-03FFFh \
  -ACONFIG=0300000h-0300009h -AIDLOC=0200000h-020000Fh \
  -AEEDATA=0310000h-03103FFh -peeprom_data=EEDATA -preset_vec=00h \
  -ppowerup=CODE,init -pramtop=02000h -psmallconst=SMALLCONST \
  -pmediumconst=MEDIUMCONST -pconst=CONST -AFARRAM=00h-00h \
  -prdata=COMRAM,nvrram=COMRAM,nvbit=COMRAM,rbss=COMRAM,rbit=COMRAM \
  -pfarbss=FARRAM,fardata=FARRAM,nvFARRAM=FARRAM \
  -pintsave_regs=BIGRAM,bigbss=BIGRAM,bigdata=BIGRAM -pbss=RAM \
  -pidata=CODE,irdata=CODE,ibigdata=CODE,ifardata=CODE -prparam=COMRAM \
  C:\Users\Josh\AppData\Local\Temp\xcAs4fjg.\driver_tmp_14.o \
  dist/default/debug\ADC_LCD.X.debug.o 

Object code version is 3.11

Machine type is 18F47K42



                Name                               Link     Load   Length Selector   Space Scale
C:\Users\Josh\AppData\Local\Temp\xcAs4fjg.\driver_tmp_14.o
                config                           300000   300000        A        0       4
                init                              1FFFC    1FFFC        4     FFFE       0
                reset_vec                             0        0        4        0       0
dist/default/debug\ADC_LCD.X.debug.o
                config                           300000   300000        A        0       4
                smallconst                         2000     2000       22     1000       0
                text33                             45C8     45C8       38     1011       0
                text32                             43C4     43C4       4A     1011       0
                text31                             46AC     46AC       1E     1011       0
                text30                             46DE     46DE        8     1011       0
                text29                             4636     4636       2E     1011       0
                text28                             468E     468E       1E     1011       0
                text27                             4238     4238       72     1011       0
                text26                             44DA     44DA       40     1011       0
                text25                             3A96     3A96      1B4     1011       0
                text24                             32D8     32D8      39A     1011       0
                text23                             418E     418E       AA     1011       0
                text22                             3D50     3D50      104     1011       0
                text21                             2E8A     2E8A      44E     1011       0
                text20                             4590     4590       38     1011       0
                text19                             29CA     29CA      4C0     1011       0
                text18                             440E     440E       46     1011       0
                text17                             3C4A     3C4A      106     1011       0
                text16                             3E54     3E54       FE     1011       0
                text15                             3884     3884      212     1011       0
                text14                             436E     436E       56     1011       0
                text13                             4498     4498       42     1011       0
                text12                             46E6     46E6        2     1011       0
                text11                             40E2     40E2       AC     1011       0
                text10                             451A     451A       3C     1011       0
                text9                              430C     430C       62     1011       0
                text8                              4556     4556       3A     1011       0
                text7                              2022     2022      9A8     1011       0
                text6                              4664     4664       2A     1011       0
                text5                              402C     402C       B6     1011       0
                text4                              3672     3672      212     1011       0
                text3                              4454     4454       44     1011       0
                text2                              4600     4600       36     1011       0
                text1                              42AA     42AA       62     1011       0
                text0                              3F52     3F52       DA     1011       0
                cstackCOMRAM                          1        1       5D        1       1
                cstackBANK0                          CC       CC       32       60       1
                bssBANK0                             60       60       6C       60       1
                bssCOMRAM                            5E       5E        1        1       1
                cinit                              46CA     46CA       14     1011       0

TOTAL           Name                               Link     Load   Length     Space
        CLASS   CODE           
                init                              1FFFC    1FFFC        4         0
                reset_vec                             0        0        4         0
                text33                             45C8     45C8       38         0
                text32                             43C4     43C4       4A         0
                text31                             46AC     46AC       1E         0
                text30                             46DE     46DE        8         0
                text29                             4636     4636       2E         0
                text28                             468E     468E       1E         0
                text27                             4238     4238       72         0
                text26                             44DA     44DA       40         0
                text25                             3A96     3A96      1B4         0
                text24                             32D8     32D8      39A         0
                text23                             418E     418E       AA         0
                text22                             3D50     3D50      104         0
                text21                             2E8A     2E8A      44E         0
                text20                             4590     4590       38         0
                text19                             29CA     29CA      4C0         0
                text18                             440E     440E       46         0
                text17                             3C4A     3C4A      106         0
                text16                             3E54     3E54       FE         0
                text15                             3884     3884      212         0
                text14                             436E     436E       56         0
                text13                             4498     4498       42         0
                text12                             46E6     46E6        2         0
                text11                             40E2     40E2       AC         0
                text10                             451A     451A       3C         0
                text9                              430C     430C       62         0
                text8                              4556     4556       3A         0
                text7                              2022     2022      9A8         0
                text6                              4664     4664       2A         0
                text5                              402C     402C       B6         0
                text4                              3672     3672      212         0
                text3                              4454     4454       44         0
                text2                              4600     4600       36         0
                text1                              42AA     42AA       62         0
                text0                              3F52     3F52       DA         0
                cinit                              46CA     46CA       14         0

        CLASS   CONST          

        CLASS   SMALLCONST     
                smallconst                         2000     2000       22         0

        CLASS   MEDIUMCONST    

        CLASS   COMRAM         
                cstackCOMRAM                          1        1       5D         1
                bssCOMRAM                            5E       5E        1         1

        CLASS   ABS1           

        CLASS   BIGRAM         

        CLASS   RAM            

        CLASS   BANK0          
                cstackBANK0                          CC       CC       32         1
                bssBANK0                             60       60       6C         1

        CLASS   BANK1          

        CLASS   BANK2          

        CLASS   BANK3          

        CLASS   BANK4          

        CLASS   BANK5          

        CLASS   BANK6          

        CLASS   BANK7          

        CLASS   BANK8          

        CLASS   BANK9          

        CLASS   BANK10         

        CLASS   BANK11         

        CLASS   BANK12         

        CLASS   BANK13         

        CLASS   BANK14         

        CLASS   BANK15         

        CLASS   BANK16         

        CLASS   BANK17         

        CLASS   BANK18         

        CLASS   BANK19         

        CLASS   BANK20         

        CLASS   BANK21         

        CLASS   BANK22         

        CLASS   BANK23         

        CLASS   BANK24         

        CLASS   BANK25         

        CLASS   BANK26         

        CLASS   BANK27         

        CLASS   BANK28         

        CLASS   BANK29         

        CLASS   BANK30         

        CLASS   BANK31         

        CLASS   SFR            

        CLASS   BIGSFR         

        CLASS   CONFIG         
                config                           300000   300000        A         4

        CLASS   IDLOC          

        CLASS   EEDATA         

        CLASS   FARRAM         

        CLASS   HEAP           

        CLASS   STACK          



SEGMENTS        Name                           Load    Length   Top    Selector   Space  Class

                reset_vec                      000000  000004  000004         0       0  CODE    
                cstackCOMRAM                   000001  00005E  00005F         1       1  COMRAM  
                bssBANK0                       000060  00009E  0000FE        60       1  BANK0   
                smallconst                     002000  000022  002022      1000       0  SMALLCON
                text7                          002022  0026C6  0046E8      1011       0  CODE    
                init                           01FFFC  000004  020000      FFFE       0  CODE    


UNUSED ADDRESS RANGES

        Name                Unused          Largest block    Delta
        BANK0            0000FE-0000FF                2
        BANK1            000100-0001FF              100
        BANK10           000A00-000AFF              100
        BANK11           000B00-000BFF              100
        BANK12           000C00-000CFF              100
        BANK13           000D00-000DFF              100
        BANK14           000E00-000EFF              100
        BANK15           000F00-000FFF              100
        BANK16           001000-0010FF              100
        BANK17           001100-0011FF              100
        BANK18           001200-0012FF              100
        BANK19           001300-0013FF              100
        BANK2            000200-0002FF              100
        BANK20           001400-0014FF              100
        BANK21           001500-0015FF              100
        BANK22           001600-0016FF              100
        BANK23           001700-0017FF              100
        BANK24           001800-0018FF              100
        BANK25           001900-0019FF              100
        BANK26           001A00-001AFF              100
        BANK27           001B00-001BFF              100
        BANK28           001C00-001CFF              100
        BANK29           001D00-001DFF              100
        BANK3            000300-0003FF              100
        BANK30           001E00-001EFF              100
        BANK31           001F00-001FFF              100
        BANK4            000400-0004FF              100
        BANK5            000500-0005FF              100
        BANK6            000600-0006FF              100
        BANK7            000700-0007FF              100
        BANK8            000800-0008FF              100
        BANK9            000900-0009FF              100
        BIGRAM           00005F-00005F                1
                         0000FE-001FFF             1F02
        BIGSFR           003800-003FFF              800
        CODE             000004-001FFF             1FFC
                         0046E8-01FFFB            1B914
        COMRAM           00005F-00005F                1
        CONST            000004-001FFF             1FFC
                         0046E8-01FFFB            1B914
        EEDATA           310000-3103FF              400
        IDLOC            200000-20000F               10
        MEDIUMCONST      0046E8-00FFFF             B918
                         012000-01FFFB             DFFC
        RAM              0000FE-001FFF              100
        SFR              003800-003FFF              100
        SMALLCONST       0046E8-01FFFB              100

                                  Symbol Table

?___fladd                   cstackCOMRAM 000001
?___fldiv                   cstackCOMRAM 000001
?___flmul                   cstackCOMRAM 00000F
?___flneg                   cstackCOMRAM 000001
?___flsub                   cstackCOMRAM 000028
?___fltol                   cstackCOMRAM 000001
?___fpclassifyf             cstackCOMRAM 000001
?___wmul                    cstackCOMRAM 000001
?___xxtofl                  cstackCOMRAM 000001
?_floorf                    cstackCOMRAM 00001A
?_labs                      cstackCOMRAM 000001
?_read_prec_or_width        cstackCOMRAM 000007
?_sprintf                   cstackBANK0  0000F8
?_vfprintf                  cstackCOMRAM 000045
LCD_Char@dat                cstackCOMRAM 000007
LCD_Command@cmd             cstackCOMRAM 000007
LCD_String@msg              cstackCOMRAM 000008
LCD_String_xy@location      cstackCOMRAM 00000E
LCD_String_xy@msg           cstackCOMRAM 00000B
LCD_String_xy@pos           cstackCOMRAM 00000A
LCD_String_xy@row           cstackCOMRAM 00000D
MSdelay@i                   cstackCOMRAM 000003
MSdelay@j                   cstackCOMRAM 000005
MSdelay@val                 cstackCOMRAM 000001
_ADACQH                     (abs)        003EF4
_ADACQL                     (abs)        003EF3
_ADCLK                      (abs)        003EFF
_ADCON0bits                 (abs)        003EF8
_ADC_Init                   text33       0045C8
_ADPCH                      (abs)        003EF1
_ADPREH                     (abs)        003EF7
_ADPREL                     (abs)        003EF6
_ADRESH                     (abs)        003EF0
_ADRESL                     (abs)        003EEF
_ANSELAbits                 (abs)        003A40
_LATB                       (abs)        003FBB
_LATD0                      (abs)        01FDE8
_LATD1                      (abs)        01FDE9
_LCD_Char                   text28       00468E
_LCD_Clear                  text30       0046DE
_LCD_Command                text31       0046AC
_LCD_Init                   text29       004636
_LCD_String                 text27       004238
_LCD_String_xy              text26       0044DA
_MSdelay                    text32       0043C4
_TRISAbits                  (abs)        003FC2
_TRISB                      (abs)        003FC3
_TRISD                      (abs)        003FC5
__HRAM                      (abs)        000000
__H__absolute__             __absolute__ 000000
__Habs1                     abs1         000000
__Hbank0                    bank0        000000
__Hbank1                    bank1        000000
__Hbank10                   bank10       000000
__Hbank11                   bank11       000000
__Hbank12                   bank12       000000
__Hbank13                   bank13       000000
__Hbank14                   bank14       000000
__Hbank15                   bank15       000000
__Hbank16                   bank16       000000
__Hbank17                   bank17       000000
__Hbank18                   bank18       000000
__Hbank19                   bank19       000000
__Hbank2                    bank2        000000
__Hbank20                   bank20       000000
__Hbank21                   bank21       000000
__Hbank22                   bank22       000000
__Hbank23                   bank23       000000
__Hbank24                   bank24       000000
__Hbank25                   bank25       000000
__Hbank26                   bank26       000000
__Hbank27                   bank27       000000
__Hbank28                   bank28       000000
__Hbank29                   bank29       000000
__Hbank3                    bank3        000000
__Hbank30                   bank30       000000
__Hbank31                   bank31       000000
__Hbank4                    bank4        000000
__Hbank5                    bank5        000000
__Hbank6                    bank6        000000
__Hbank7                    bank7        000000
__Hbank8                    bank8        000000
__Hbank9                    bank9        000000
__Hbigbss                   bigbss       000000
__Hbigdata                  bigdata      000000
__Hbigram                   bigram       000000
__Hbigsfr                   bigsfr       000000
__Hbss                      bss          000000
__HbssBANK0                 bssBANK0     000000
__HbssCOMRAM                bssCOMRAM    000000
__Hcinit                    cinit        000000
__Hclrtext                  clrtext      000000
__Hcomram                   comram       000000
__Hconfig                   config       30000A
__Hconst                    const        000000
__HcstackBANK0              cstackBANK0  000000
__HcstackCOMRAM             cstackCOMRAM 000000
__Hdata                     data         000000
__Heeprom_data              eeprom_data  000000
__Hfarbss                   farbss       000000
__Hfardata                  fardata      000000
__Hheap                     heap         000000
__Hibigdata                 ibigdata     000000
__Hidata                    idata        000000
__Hidloc                    idloc        000000
__Hifardata                 ifardata     000000
__Hinit                     init         020000
__Hintsave_regs             intsave_regs 000000
__Hirdata                   irdata       000000
__Hmediumconst              mediumconst  000000
__HnvFARRAM                 nvFARRAM     000000
__Hnvbit                    nvbit        000000
__Hnvrram                   nvrram       000000
__Hparam                    rparam       000000
__Hpowerup                  powerup      000000
__Hram                      ram          000000
__Hramtop                   ramtop       002000
__Hrbit                     rbit         000000
__Hrbss                     rbss         000000
__Hrdata                    rdata        000000
__Hreset_vec                reset_vec    000004
__Hrparam                   rparam       000000
__Hsfr                      sfr          000000
__Hsmallconst               smallconst   002022
__Hspace_0                  (abs)        020000
__Hspace_1                  (abs)        0000FE
__Hspace_2                  (abs)        000000
__Hspace_4                  (abs)        60000A
__Hstack                    stack        000000
__Hstruct                   struct       000000
__Htemp                     temp         000000
__Htext                     text         000000
__Htext0                    text0        000000
__Htext1                    text1        000000
__Htext10                   text10       000000
__Htext11                   text11       000000
__Htext12                   text12       000000
__Htext13                   text13       000000
__Htext14                   text14       000000
__Htext15                   text15       000000
__Htext16                   text16       000000
__Htext17                   text17       000000
__Htext18                   text18       000000
__Htext19                   text19       000000
__Htext2                    text2        000000
__Htext20                   text20       000000
__Htext21                   text21       000000
__Htext22                   text22       000000
__Htext23                   text23       000000
__Htext24                   text24       000000
__Htext25                   text25       000000
__Htext26                   text26       000000
__Htext27                   text27       000000
__Htext28                   text28       000000
__Htext29                   text29       000000
__Htext3                    text3        000000
__Htext30                   text30       000000
__Htext31                   text31       000000
__Htext32                   text32       000000
__Htext33                   text33       000000
__Htext4                    text4        000000
__Htext5                    text5        000000
__Htext6                    text6        000000
__Htext7                    text7        000000
__Htext8                    text8        000000
__Htext9                    text9        000000
__LRAM                      (abs)        000001
__L__absolute__             __absolute__ 000000
__Labs1                     abs1         000000
__Lbank0                    bank0        000000
__Lbank1                    bank1        000000
__Lbank10                   bank10       000000
__Lbank11                   bank11       000000
__Lbank12                   bank12       000000
__Lbank13                   bank13       000000
__Lbank14                   bank14       000000
__Lbank15                   bank15       000000
__Lbank16                   bank16       000000
__Lbank17                   bank17       000000
__Lbank18                   bank18       000000
__Lbank19                   bank19       000000
__Lbank2                    bank2        000000
__Lbank20                   bank20       000000
__Lbank21                   bank21       000000
__Lbank22                   bank22       000000
__Lbank23                   bank23       000000
__Lbank24                   bank24       000000
__Lbank25                   bank25       000000
__Lbank26                   bank26       000000
__Lbank27                   bank27       000000
__Lbank28                   bank28       000000
__Lbank29                   bank29       000000
__Lbank3                    bank3        000000
__Lbank30                   bank30       000000
__Lbank31                   bank31       000000
__Lbank4                    bank4        000000
__Lbank5                    bank5        000000
__Lbank6                    bank6        000000
__Lbank7                    bank7        000000
__Lbank8                    bank8        000000
__Lbank9                    bank9        000000
__Lbigbss                   bigbss       000000
__Lbigdata                  bigdata      000000
__Lbigram                   bigram       000000
__Lbigsfr                   bigsfr       000000
__Lbss                      bss          000000
__LbssBANK0                 bssBANK0     000000
__LbssCOMRAM                bssCOMRAM    000000
__Lcinit                    cinit        000000
__Lclrtext                  clrtext      000000
__Lcomram                   comram       000000
__Lconfig                   config       000000
__Lconst                    const        000000
__LcstackBANK0              cstackBANK0  000000
__LcstackCOMRAM             cstackCOMRAM 000000
__Ldata                     data         000000
__Leeprom_data              eeprom_data  000000
__Lfarbss                   farbss       000000
__Lfardata                  fardata      000000
__Lheap                     heap         000000
__Libigdata                 ibigdata     000000
__Lidata                    idata        000000
__Lidloc                    idloc        000000
__Lifardata                 ifardata     000000
__Linit                     init         01FFFC
__Lintsave_regs             intsave_regs 000000
__Lirdata                   irdata       000000
__Lmediumconst              mediumconst  000000
__LnvFARRAM                 nvFARRAM     000000
__Lnvbit                    nvbit        000000
__Lnvrram                   nvrram       000000
__Lparam                    rparam       000000
__Lpowerup                  powerup      000000
__Lram                      ram          000000
__Lramtop                   ramtop       002000
__Lrbit                     rbit         000000
__Lrbss                     rbss         000000
__Lrdata                    rdata        000000
__Lreset_vec                reset_vec    000000
__Lrparam                   rparam       000000
__Lsfr                      sfr          000000
__Lsmallconst               smallconst   002000
__Lspace_0                  (abs)        000000
__Lspace_1                  (abs)        000000
__Lspace_2                  (abs)        000000
__Lspace_4                  (abs)        000000
__Lstack                    stack        000000
__Lstruct                   struct       000000
__Ltemp                     temp         000000
__Ltext                     text         000000
__Ltext0                    text0        000000
__Ltext1                    text1        000000
__Ltext10                   text10       000000
__Ltext11                   text11       000000
__Ltext12                   text12       000000
__Ltext13                   text13       000000
__Ltext14                   text14       000000
__Ltext15                   text15       000000
__Ltext16                   text16       000000
__Ltext17                   text17       000000
__Ltext18                   text18       000000
__Ltext19                   text19       000000
__Ltext2                    text2        000000
__Ltext20                   text20       000000
__Ltext21                   text21       000000
__Ltext22                   text22       000000
__Ltext23                   text23       000000
__Ltext24                   text24       000000
__Ltext25                   text25       000000
__Ltext26                   text26       000000
__Ltext27                   text27       000000
__Ltext28                   text28       000000
__Ltext29                   text29       000000
__Ltext3                    text3        000000
__Ltext30                   text30       000000
__Ltext31                   text31       000000
__Ltext32                   text32       000000
__Ltext33                   text33       000000
__Ltext4                    text4        000000
__Ltext5                    text5        000000
__Ltext6                    text6        000000
__Ltext7                    text7        000000
__Ltext8                    text8        000000
__Ltext9                    text9        000000
__S0                        (abs)        020000
__S1                        (abs)        0000FE
__S4                        (abs)        000000
__S5                        (abs)        000000
___fladd                    text19       0029CA
___fladd@a                  cstackCOMRAM 000005
___fladd@aexp               cstackCOMRAM 00000E
___fladd@b                  cstackCOMRAM 000001
___fladd@bexp               cstackCOMRAM 00000F
___fladd@grs                cstackCOMRAM 000010
___fladd@signs              cstackCOMRAM 00000D
___fldiv                    text24       0032D8
___fldiv@a                  cstackCOMRAM 000005
___fldiv@aexp               cstackCOMRAM 000019
___fldiv@b                  cstackCOMRAM 000001
___fldiv@bexp               cstackCOMRAM 000018
___fldiv@grs                cstackCOMRAM 000014
___fldiv@new_exp            cstackCOMRAM 000012
___fldiv@rem                cstackCOMRAM 00000D
___fldiv@sign               cstackCOMRAM 000011
___fleq                     text23       00418E
___fleq@ff1                 cstackCOMRAM 000001
___fleq@ff2                 cstackCOMRAM 000005
___flge                     text22       003D50
___flge@ff1                 cstackCOMRAM 000028
___flge@ff2                 cstackCOMRAM 00002C
___flmul                    text21       002E8A
___flmul@a                  cstackCOMRAM 000013
___flmul@aexp               cstackCOMRAM 000020
___flmul@b                  cstackCOMRAM 00000F
___flmul@bexp               cstackCOMRAM 000021
___flmul@grs                cstackCOMRAM 00001C
___flmul@prod               cstackCOMRAM 000022
___flmul@sign               cstackCOMRAM 00001B
___flmul@temp               cstackCOMRAM 000026
___flneg                    text20       004590
___flneg@f1                 cstackCOMRAM 000001
___flsub                    text18       00440E
___flsub@a                  cstackCOMRAM 00002C
___flsub@b                  cstackCOMRAM 000028
___fltol                    text17       003C4A
___fltol@exp1               cstackCOMRAM 00000A
___fltol@f1                 cstackCOMRAM 000001
___fltol@sign1              cstackCOMRAM 000009
___fpclassifyf              text16       003E54
___fpclassifyf@F465         bssBANK0     000064
___fpclassifyf@e            cstackCOMRAM 000009
___fpclassifyf@u            cstackCOMRAM 00000B
___fpclassifyf@x            cstackCOMRAM 000001
___heap_hi                  (abs)        000000
___heap_lo                  (abs)        000000
___inthi_sp                 stack        000000
___inthi_stack_hi           stack        000000
___inthi_stack_lo           stack        000000
___intlo_sp                 stack        000000
___intlo_stack_hi           stack        000000
___intlo_stack_lo           stack        000000
___param_bank               (abs)        000000
___rparam_used              (abs)        000001
___sp                       stack        000000
___stack_hi                 stack        000000
___stack_lo                 stack        000000
___wmul                     text6        004664
___wmul@multiplicand        cstackCOMRAM 000003
___wmul@multiplier          cstackCOMRAM 000001
___wmul@product             cstackCOMRAM 000005
___xxtofl                   text25       003A96
___xxtofl@arg               cstackCOMRAM 00000B
___xxtofl@exp               cstackCOMRAM 00000A
___xxtofl@sign              cstackCOMRAM 000009
___xxtofl@val               cstackCOMRAM 000001
__accesstop                 (abs)        000060
__activetblptr              (abs)        000003
__end_of_ADC_Init           text33       004600
__end_of_LCD_Char           text28       0046AC
__end_of_LCD_Clear          text30       0046E6
__end_of_LCD_Command        text31       0046CA
__end_of_LCD_Init           text29       004664
__end_of_LCD_String         text27       0042AA
__end_of_LCD_String_xy      text26       00451A
__end_of_MSdelay            text32       00440E
__end_of___fladd            text19       002E8A
__end_of___fldiv            text24       003672
__end_of___fleq             text23       004238
__end_of___flge             text22       003E54
__end_of___flmul            text21       0032D8
__end_of___flneg            text20       0045C8
__end_of___flsub            text18       004454
__end_of___fltol            text17       003D50
__end_of___fpclassifyf      text16       003F52
__end_of___wmul             text6        00468E
__end_of___xxtofl           text25       003C4A
__end_of__initialization    cinit        0046D8
__end_of_efgtoa             text7        0029CA
__end_of_floorf             text15       003A96
__end_of_fputc              text11       00418E
__end_of_fputs              text10       004556
__end_of_labs               text14       0043C4
__end_of_main               text0        00402C
__end_of_memcpy             text13       0044DA
__end_of_pad                text9        00436E
__end_of_putch              text12       0046E8
__end_of_read_prec_or_width text5        0040E2
__end_of_sprintf            text2        004636
__end_of_strcat             text1        00430C
__end_of_strcpy             text8        004590
__end_of_vfpfcnvrt          text4        003884
__end_of_vfprintf           text3        004498
__initialization            cinit        0046CA
__mediumconst               mediumconst  000000
__pbssBANK0                 bssBANK0     000060
__pbssCOMRAM                bssCOMRAM    00005E
__pcinit                    cinit        0046CA
__pcstackBANK0              cstackBANK0  0000CC
__pcstackCOMRAM             cstackCOMRAM 000001
__psmallconst               smallconst   002000
__ptext0                    text0        003F52
__ptext1                    text1        0042AA
__ptext10                   text10       00451A
__ptext11                   text11       0040E2
__ptext12                   text12       0046E6
__ptext13                   text13       004498
__ptext14                   text14       00436E
__ptext15                   text15       003884
__ptext16                   text16       003E54
__ptext17                   text17       003C4A
__ptext18                   text18       00440E
__ptext19                   text19       0029CA
__ptext2                    text2        004600
__ptext20                   text20       004590
__ptext21                   text21       002E8A
__ptext22                   text22       003D50
__ptext23                   text23       00418E
__ptext24                   text24       0032D8
__ptext25                   text25       003A96
__ptext26                   text26       0044DA
__ptext27                   text27       004238
__ptext28                   text28       00468E
__ptext29                   text29       004636
__ptext3                    text3        004454
__ptext30                   text30       0046DE
__ptext31                   text31       0046AC
__ptext32                   text32       0043C4
__ptext33                   text33       0045C8
__ptext4                    text4        003672
__ptext5                    text5        00402C
__ptext6                    text6        004664
__ptext7                    text7        002022
__ptext8                    text8        004556
__ptext9                    text9        00430C
__ramtop                    ramtop       002000
__smallconst                smallconst   002000
_data                       bssBANK0     0000C2
_dbuf                       bssBANK0     000072
_digital                    bssBANK0     000070
_efgtoa                     text7        002022
_efgtoa$802                 cstackBANK0  0000D2
_flags                      bssCOMRAM    00005E
_floorf                     text15       003884
_fputc                      text11       0040E2
_fputs                      text10       00451A
_labs                       text14       00436E
_main                       text0        003F52
_memcpy                     text13       004498
_pad                        text9        00430C
_prec                       bssBANK0     00006E
_putch                      text12       0046E6
_read_prec_or_width         text5        00402C
_sprintf                    text2        004600
_strcat                     text1        0042AA
_strcpy                     text8        004556
_vfpfcnvrt                  text4        003672
_vfprintf                   text3        004454
_voltage                    bssBANK0     000068
_width                      bssBANK0     00006C
efgtoa@c                    cstackCOMRAM 000039
efgtoa@d                    cstackBANK0  0000D7
efgtoa@e                    cstackBANK0  0000DB
efgtoa@f                    cstackCOMRAM 000035
efgtoa@fp                   cstackCOMRAM 000034
efgtoa@g                    cstackBANK0  0000F0
efgtoa@h                    cstackBANK0  0000E5
efgtoa@i                    cstackBANK0  0000E3
efgtoa@l                    cstackBANK0  0000E9
efgtoa@m                    cstackBANK0  0000D9
efgtoa@mode                 cstackBANK0  0000D5
efgtoa@n                    cstackBANK0  0000EE
efgtoa@ne                   cstackBANK0  0000CC
efgtoa@nmode                cstackBANK0  0000D6
efgtoa@ou                   cstackBANK0  0000DF
efgtoa@p                    cstackBANK0  0000CE
efgtoa@pp                   cstackBANK0  0000D4
efgtoa@sign                 cstackBANK0  0000ED
efgtoa@t                    cstackBANK0  0000D0
efgtoa@u                    cstackBANK0  0000F4
efgtoa@w                    cstackBANK0  0000DD
end_of_initialization       cinit        0046D8
floorf@F521                 bssBANK0     000060
floorf@e                    cstackCOMRAM 000028
floorf@m                    cstackCOMRAM 000024
floorf@u                    cstackCOMRAM 00002A
floorf@x                    cstackCOMRAM 00001A
fputc@c                     cstackCOMRAM 000001
fputc@fp                    cstackCOMRAM 000003
fputs@c                     cstackCOMRAM 00000B
fputs@fp                    cstackCOMRAM 00000A
fputs@i                     cstackCOMRAM 00000C
fputs@s                     cstackCOMRAM 000009
intlevel0                   text         000000
intlevel1                   text         000000
intlevel2                   text         000000
intlevel3                   text         000000
isa$std                     (abs)        000001
isa$xinst                   (abs)        000000
labs@a                      cstackCOMRAM 000001
main@digital                cstackCOMRAM 00005C
main@voltage                cstackCOMRAM 000058
memcpy@d                    cstackCOMRAM 000006
memcpy@d1                   cstackCOMRAM 000001
memcpy@n                    cstackCOMRAM 000003
memcpy@s                    cstackCOMRAM 000007
memcpy@s1                   cstackCOMRAM 000002
memcpy@tmp                  cstackCOMRAM 000005
pad@buf                     cstackCOMRAM 00000F
pad@fp                      cstackCOMRAM 00000E
pad@i                       cstackCOMRAM 000013
pad@p                       cstackCOMRAM 000010
read_prec_or_width@ap       cstackCOMRAM 000008
read_prec_or_width@c        cstackCOMRAM 000009
read_prec_or_width@fmt      cstackCOMRAM 000007
read_prec_or_width@n        cstackCOMRAM 00000A
sprintf@ap                  cstackCOMRAM 000049
sprintf@f                   cstackCOMRAM 00004A
sprintf@fmt                 cstackBANK0  0000F9
sprintf@s                   cstackBANK0  0000F8
stackhi                     (abs)        000000
stacklo                     (abs)        000000
start                       init         01FFFC
start_initialization        cinit        0046CA
strcat@dest                 cstackCOMRAM 000001
strcat@i                    cstackCOMRAM 000003
strcat@src                  cstackCOMRAM 000002
strcpy@d                    cstackCOMRAM 000004
strcpy@dest                 cstackCOMRAM 000001
strcpy@src                  cstackCOMRAM 000002
vfpfcnvrt@ap                cstackCOMRAM 00003D
vfpfcnvrt@c                 cstackCOMRAM 000043
vfpfcnvrt@convarg           cstackCOMRAM 00003F
vfpfcnvrt@cp                cstackCOMRAM 000044
vfpfcnvrt@fmt               cstackCOMRAM 00003C
vfpfcnvrt@fp                cstackCOMRAM 00003B
vfprintf@ap                 cstackCOMRAM 000047
vfprintf@cfmt               cstackCOMRAM 000048
vfprintf@fmt                cstackCOMRAM 000046
vfprintf@fp                 cstackCOMRAM 000045


MODULE INFORMATION

Module		Function		Class		Link	Load	Size
C:\Program Files\Microchip\xc8\v2.46\pic\sources\c99\common\fltol.c
		___fltol       		CODE           	3C4A	0000	262

C:\Program Files\Microchip\xc8\v2.46\pic\sources\c99\common\fltol.c estimated size: 262

C:\Program Files\Microchip\xc8\v2.46\pic\sources\c99\common\floorf.c
		_floorf        		CODE           	3884	0000	530

C:\Program Files\Microchip\xc8\v2.46\pic\sources\c99\common\floorf.c estimated size: 530

C:\Program Files\Microchip\xc8\v2.46\pic\sources\c99\common\nf_fputc.c
		_fputc         		CODE           	40E2	0000	172

C:\Program Files\Microchip\xc8\v2.46\pic\sources\c99\common\nf_fputc.c estimated size: 172

C:\Program Files\Microchip\xc8\v2.46\pic\sources\c99\common\strcat.c
		_strcat        		CODE           	42AA	0000	98

C:\Program Files\Microchip\xc8\v2.46\pic\sources\c99\common\strcat.c estimated size: 98

C:\Program Files\Microchip\xc8\v2.46\pic\sources\c99\common\xxtofl.c
		___xxtofl      		CODE           	3A96	0000	436

C:\Program Files\Microchip\xc8\v2.46\pic\sources\c99\common\xxtofl.c estimated size: 436

C:\Program Files\Microchip\xc8\v2.46\pic\sources\c99\common\flneg.c
		___flneg       		CODE           	4590	0000	56

C:\Program Files\Microchip\xc8\v2.46\pic\sources\c99\common\flneg.c estimated size: 56

C:\Program Files\Microchip\xc8\v2.46\pic\sources\c99\common\__fpclassifyf.c
		___fpclassifyf 		CODE           	3E54	0000	254

C:\Program Files\Microchip\xc8\v2.46\pic\sources\c99\common\__fpclassifyf.c estimated size: 254

C:\Program Files\Microchip\xc8\v2.46\pic\sources\c99\common\sprcmul.c
		___flmul       		CODE           	2E8A	0000	1102

C:\Program Files\Microchip\xc8\v2.46\pic\sources\c99\common\sprcmul.c estimated size: 1102

C:\Program Files\Microchip\xc8\v2.46\pic\sources\c99\common\strcpy.c
		_strcpy        		CODE           	4556	0000	58

C:\Program Files\Microchip\xc8\v2.46\pic\sources\c99\common\strcpy.c estimated size: 58

C:\Program Files\Microchip\xc8\v2.46\pic\sources\c99\common\sprcdiv.c
		___fldiv       		CODE           	32D8	0000	922

C:\Program Files\Microchip\xc8\v2.46\pic\sources\c99\common\sprcdiv.c estimated size: 922

C:\Program Files\Microchip\xc8\v2.46\pic\sources\c99\common\fleq.c
		___fleq        		CODE           	418E	0000	170

C:\Program Files\Microchip\xc8\v2.46\pic\sources\c99\common\fleq.c estimated size: 170

C:\Program Files\Microchip\xc8\v2.46\pic\sources\c99\common\doprnt.c
		_read_prec_or_width		CODE           	402C	0000	182
		_vfpfcnvrt     		CODE           	3672	0000	530
		_efgtoa        		CODE           	2022	0000	2472
		_pad           		CODE           	430C	0000	98
		_vfprintf      		CODE           	4454	0000	68

C:\Program Files\Microchip\xc8\v2.46\pic\sources\c99\common\doprnt.c estimated size: 3350

C:\Program Files\Microchip\xc8\v2.46\pic\sources\c99\common\nf_sprintf.c
		_sprintf       		CODE           	4600	0000	54

C:\Program Files\Microchip\xc8\v2.46\pic\sources\c99\common\nf_sprintf.c estimated size: 54

shared
		__initialization		CODE           	46CA	0000	14

shared estimated size: 14

C:\Program Files\Microchip\xc8\v2.46\pic\sources\c99\common\putch.c
		_putch         		CODE           	46E6	0000	2

C:\Program Files\Microchip\xc8\v2.46\pic\sources\c99\common\putch.c estimated size: 2

C:\Program Files\Microchip\xc8\v2.46\pic\sources\c99\common\Umul16.c
		___wmul        		CODE           	4664	0000	42

C:\Program Files\Microchip\xc8\v2.46\pic\sources\c99\common\Umul16.c estimated size: 42

C:\Program Files\Microchip\xc8\v2.46\pic\sources\c99\common\nf_fputs.c
		_fputs         		CODE           	451A	0000	60

C:\Program Files\Microchip\xc8\v2.46\pic\sources\c99\common\nf_fputs.c estimated size: 60

C:\Program Files\Microchip\xc8\v2.46\pic\sources\c99\common\sprcadd.c
		___flsub       		CODE           	440E	0000	70
		___fladd       		CODE           	29CA	0000	1216

C:\Program Files\Microchip\xc8\v2.46\pic\sources\c99\common\sprcadd.c estimated size: 1286

C:\Program Files\Microchip\xc8\v2.46\pic\sources\c99\common\memcpy.c
		_memcpy        		CODE           	4498	0000	66

C:\Program Files\Microchip\xc8\v2.46\pic\sources\c99\common\memcpy.c estimated size: 66

C:\Program Files\Microchip\xc8\v2.46\pic\sources\c99\common\labs.c
		_labs          		CODE           	436E	0000	86

C:\Program Files\Microchip\xc8\v2.46\pic\sources\c99\common\labs.c estimated size: 86

main.c
		_LCD_String    		CODE           	4238	0000	114
		_LCD_Init      		CODE           	4636	0000	46
		_LCD_Command   		CODE           	46AC	0000	30
		_LCD_String_xy 		CODE           	44DA	0000	64
		_main          		CODE           	3F52	0000	218
		_LCD_Char      		CODE           	468E	0000	30
		_LCD_Clear     		CODE           	46DE	0000	8
		_MSdelay       		CODE           	43C4	0000	74
		_ADC_Init      		CODE           	45C8	0000	56

main.c estimated size: 640

C:\Program Files\Microchip\xc8\v2.46\pic\sources\c99\common\flge.c
		___flge        		CODE           	3D50	0000	260

C:\Program Files\Microchip\xc8\v2.46\pic\sources\c99\common\flge.c estimated size: 260

